16:15:08 **** Incremental Build of configuration Debug for project 11_input_compare ****
make -j20 all 
arm-none-eabi-gcc "../Src/Timer.c" -mcpu=cortex-m3 -std=gnu11 -g3 -DDEBUG -DSTM32 -DSTM32F1 -DSTM32F103C8Tx -c -I../Inc -I/home/ger/Documents/MicroControllers/STM32F103C8T6_Blue_pill/Chip_headers/CMSIS/Device/ST/STM32F1xx/Include -I/home/ger/Documents/MicroControllers/STM32F103C8T6_Blue_pill/Chip_headers/CMSIS/Include -I"F:/MicroControllers/STM32F103C8T6_Blue_pill/Chip_headers/CMSIS/Device/ST/STM32F1xx/Include" -I"F:/MicroControllers/STM32F103C8T6_Blue_pill/Chip_headers/CMSIS/Include" -O0 -ffunction-sections -fdata-sections -Wall -fstack-usage -fcyclomatic-complexity -MMD -MP -MF"Src/Timer.d" -MT"Src/Timer.o" --specs=nano.specs -mfloat-abi=soft -mthumb -o "Src/Timer.o"
arm-none-eabi-gcc "../Src/main.c" -mcpu=cortex-m3 -std=gnu11 -g3 -DDEBUG -DSTM32 -DSTM32F1 -DSTM32F103C8Tx -c -I../Inc -I/home/ger/Documents/MicroControllers/STM32F103C8T6_Blue_pill/Chip_headers/CMSIS/Device/ST/STM32F1xx/Include -I/home/ger/Documents/MicroControllers/STM32F103C8T6_Blue_pill/Chip_headers/CMSIS/Include -I"F:/MicroControllers/STM32F103C8T6_Blue_pill/Chip_headers/CMSIS/Device/ST/STM32F1xx/Include" -I"F:/MicroControllers/STM32F103C8T6_Blue_pill/Chip_headers/CMSIS/Include" -O0 -ffunction-sections -fdata-sections -Wall -fstack-usage -fcyclomatic-complexity -MMD -MP -MF"Src/main.d" -MT"Src/main.o" --specs=nano.specs -mfloat-abi=soft -mthumb -o "Src/main.o"
arm-none-eabi-gcc -o "11_input_compare.elf" @"objects.list"   -mcpu=cortex-m3 -T"F:\MicroControllers\STM32F103C8T6_Blue_pill\11_input_compare\STM32F103C8TX_FLASH.ld" --specs=nosys.specs -Wl,-Map="11_input_compare.map" -Wl,--gc-sections -static --specs=nano.specs -mfloat-abi=soft -mthumb -Wl,--start-group -lc -lm -Wl,--end-group
Finished building target: 11_input_compare.elf
 
arm-none-eabi-size  11_input_compare.elf 
arm-none-eabi-objdump -h -S 11_input_compare.elf  > "11_input_compare.list"
   text	   data	    bss	    dec	    hex	filename
    912	      0	   1568	   2480	    9b0	11_input_compare.elf
Finished building: default.size.stdout
 
Finished building: 11_input_compare.list
 
17:13:46 **** Incremental Build of configuration Debug for project 11_input_compare ****
make -j20 all 
arm-none-eabi-gcc "../Src/main.c" -mcpu=cortex-m3 -std=gnu11 -g3 -DDEBUG -DSTM32 -DSTM32F1 -DSTM32F103C8Tx -c -I../Inc -I/home/ger/Documents/MicroControllers/STM32F103C8T6_Blue_pill/Chip_headers/CMSIS/Device/ST/STM32F1xx/Include -I/home/ger/Documents/MicroControllers/STM32F103C8T6_Blue_pill/Chip_headers/CMSIS/Include -I"F:/MicroControllers/STM32F103C8T6_Blue_pill/Chip_headers/CMSIS/Device/ST/STM32F1xx/Include" -I"F:/MicroControllers/STM32F103C8T6_Blue_pill/Chip_headers/CMSIS/Include" -O0 -ffunction-sections -fdata-sections -Wall -fstack-usage -fcyclomatic-complexity -MMD -MP -MF"Src/main.d" -MT"Src/main.o" --specs=nano.specs -mfloat-abi=soft -mthumb -o "Src/main.o"
arm-none-eabi-gcc -o "11_input_compare.elf" @"objects.list"   -mcpu=cortex-m3 -T"F:\MicroControllers\STM32F103C8T6_Blue_pill\11_input_compare\STM32F103C8TX_FLASH.ld" --specs=nosys.specs -Wl,-Map="11_input_compare.map" -Wl,--gc-sections -static --specs=nano.specs -mfloat-abi=soft -mthumb -Wl,--start-group -lc -lm -Wl,--end-group
Finished building target: 11_input_compare.elf
 
arm-none-eabi-size  11_input_compare.elf 
arm-none-eabi-objdump -h -S 11_input_compare.elf  > "11_input_compare.list"
   text	   data	    bss	    dec	    hex	filename
    912	      0	   1568	   2480	    9b0	11_input_compare.elf
Finished building: default.size.stdout
 
Finished building: 11_input_compare.list
 
17:13:54 **** Incremental Build of configuration Debug for project 11_input_compare ****
make -j20 all 
arm-none-eabi-size  11_input_compare.elf 
   text	   data	    bss	    dec	    hex	filename
    912	      0	   1568	   2480	    9b0	11_input_compare.elf
Finished building: default.size.stdout
 
17:14:34 **** Incremental Build of configuration Debug for project 11_input_compare ****
make -j20 all 
arm-none-eabi-size  11_input_compare.elf 
   text	   data	    bss	    dec	    hex	filename
    912	      0	   1568	   2480	    9b0	11_input_compare.elf
Finished building: default.size.stdout
 
17:16:40 **** Incremental Build of configuration Debug for project 11_input_compare ****
make -j20 all 
arm-none-eabi-size  11_input_compare.elf 
   text	   data	    bss	    dec	    hex	filename
    912	      0	   1568	   2480	    9b0	11_input_compare.elf
Finished building: default.size.stdout
 
17:19:08 **** Incremental Build of configuration Debug for project 11_input_compare ****
make -j20 all 
arm-none-eabi-gcc "../Src/Timer.c" -mcpu=cortex-m3 -std=gnu11 -g3 -DDEBUG -DSTM32 -DSTM32F1 -DSTM32F103C8Tx -c -I../Inc -I/home/ger/Documents/MicroControllers/STM32F103C8T6_Blue_pill/Chip_headers/CMSIS/Device/ST/STM32F1xx/Include -I/home/ger/Documents/MicroControllers/STM32F103C8T6_Blue_pill/Chip_headers/CMSIS/Include -I"F:/MicroControllers/STM32F103C8T6_Blue_pill/Chip_headers/CMSIS/Device/ST/STM32F1xx/Include" -I"F:/MicroControllers/STM32F103C8T6_Blue_pill/Chip_headers/CMSIS/Include" -O0 -ffunction-sections -fdata-sections -Wall -fstack-usage -fcyclomatic-complexity -MMD -MP -MF"Src/Timer.d" -MT"Src/Timer.o" --specs=nano.specs -mfloat-abi=soft -mthumb -o "Src/Timer.o"
arm-none-eabi-gcc "../Src/main.c" -mcpu=cortex-m3 -std=gnu11 -g3 -DDEBUG -DSTM32 -DSTM32F1 -DSTM32F103C8Tx -c -I../Inc -I/home/ger/Documents/MicroControllers/STM32F103C8T6_Blue_pill/Chip_headers/CMSIS/Device/ST/STM32F1xx/Include -I/home/ger/Documents/MicroControllers/STM32F103C8T6_Blue_pill/Chip_headers/CMSIS/Include -I"F:/MicroControllers/STM32F103C8T6_Blue_pill/Chip_headers/CMSIS/Device/ST/STM32F1xx/Include" -I"F:/MicroControllers/STM32F103C8T6_Blue_pill/Chip_headers/CMSIS/Include" -O0 -ffunction-sections -fdata-sections -Wall -fstack-usage -fcyclomatic-complexity -MMD -MP -MF"Src/main.d" -MT"Src/main.o" --specs=nano.specs -mfloat-abi=soft -mthumb -o "Src/main.o"
arm-none-eabi-gcc -o "11_input_compare.elf" @"objects.list"   -mcpu=cortex-m3 -T"F:\MicroControllers\STM32F103C8T6_Blue_pill\11_input_compare\STM32F103C8TX_FLASH.ld" --specs=nosys.specs -Wl,-Map="11_input_compare.map" -Wl,--gc-sections -static --specs=nano.specs -mfloat-abi=soft -mthumb -Wl,--start-group -lc -lm -Wl,--end-group
Finished building target: 11_input_compare.elf
 
arm-none-eabi-size  11_input_compare.elf 
arm-none-eabi-objdump -h -S 11_input_compare.elf  > "11_input_compare.list"
   text	   data	    bss	    dec	    hex	filename
    888	      0	   1568	   2456	    998	11_input_compare.elf
Finished building: default.size.stdout
 
Finished building: 11_input_compare.list
 
17:19:18 **** Incremental Build of configuration Debug for project 11_input_compare ****
make -j20 all 
arm-none-eabi-size  11_input_compare.elf 
   text	   data	    bss	    dec	    hex	filename
    888	      0	   1568	   2456	    998	11_input_compare.elf
Finished building: default.size.stdout
 
17:37:10 **** Incremental Build of configuration Debug for project 11_input_compare ****
make -j20 all 
arm-none-eabi-gcc "../Src/Timer.c" -mcpu=cortex-m3 -std=gnu11 -g3 -DDEBUG -DSTM32 -DSTM32F1 -DSTM32F103C8Tx -c -I../Inc -I/home/ger/Documents/MicroControllers/STM32F103C8T6_Blue_pill/Chip_headers/CMSIS/Device/ST/STM32F1xx/Include -I/home/ger/Documents/MicroControllers/STM32F103C8T6_Blue_pill/Chip_headers/CMSIS/Include -I"F:/MicroControllers/STM32F103C8T6_Blue_pill/Chip_headers/CMSIS/Device/ST/STM32F1xx/Include" -I"F:/MicroControllers/STM32F103C8T6_Blue_pill/Chip_headers/CMSIS/Include" -O0 -ffunction-sections -fdata-sections -Wall -fstack-usage -fcyclomatic-complexity -MMD -MP -MF"Src/Timer.d" -MT"Src/Timer.o" --specs=nano.specs -mfloat-abi=soft -mthumb -o "Src/Timer.o"
../Src/Timer.c: In function 'Tim4_PB9_input_capture':
../Src/Timer.c:99:15: error: 'ODR' undeclared (first use in this function)
   99 |         GPIOB-ODR |= (1U<<9);
      |               ^~~
../Src/Timer.c:99:15: note: each undeclared identifier is reported only once for each function it appears in
make: *** [Src/subdir.mk:37: Src/Timer.o] Error 1
"make -j20 all" terminated with exit code 2. Build might be incomplete.
17:37:25 **** Incremental Build of configuration Debug for project 11_input_compare ****
make -j20 all 
arm-none-eabi-gcc "../Src/Timer.c" -mcpu=cortex-m3 -std=gnu11 -g3 -DDEBUG -DSTM32 -DSTM32F1 -DSTM32F103C8Tx -c -I../Inc -I/home/ger/Documents/MicroControllers/STM32F103C8T6_Blue_pill/Chip_headers/CMSIS/Device/ST/STM32F1xx/Include -I/home/ger/Documents/MicroControllers/STM32F103C8T6_Blue_pill/Chip_headers/CMSIS/Include -I"F:/MicroControllers/STM32F103C8T6_Blue_pill/Chip_headers/CMSIS/Device/ST/STM32F1xx/Include" -I"F:/MicroControllers/STM32F103C8T6_Blue_pill/Chip_headers/CMSIS/Include" -O0 -ffunction-sections -fdata-sections -Wall -fstack-usage -fcyclomatic-complexity -MMD -MP -MF"Src/Timer.d" -MT"Src/Timer.o" --specs=nano.specs -mfloat-abi=soft -mthumb -o "Src/Timer.o"
arm-none-eabi-gcc -o "11_input_compare.elf" @"objects.list"   -mcpu=cortex-m3 -T"F:\MicroControllers\STM32F103C8T6_Blue_pill\11_input_compare\STM32F103C8TX_FLASH.ld" --specs=nosys.specs -Wl,-Map="11_input_compare.map" -Wl,--gc-sections -static --specs=nano.specs -mfloat-abi=soft -mthumb -Wl,--start-group -lc -lm -Wl,--end-group
Finished building target: 11_input_compare.elf
 
arm-none-eabi-size  11_input_compare.elf 
arm-none-eabi-objdump -h -S 11_input_compare.elf  > "11_input_compare.list"
   text	   data	    bss	    dec	    hex	filename
    900	      0	   1568	   2468	    9a4	11_input_compare.elf
Finished building: default.size.stdout
 
Finished building: 11_input_compare.list
 
17:37:37 **** Incremental Build of configuration Debug for project 11_input_compare ****
make -j20 all 
arm-none-eabi-size  11_input_compare.elf 
   text	   data	    bss	    dec	    hex	filename
    900	      0	   1568	   2468	    9a4	11_input_compare.elf
Finished building: default.size.stdout
 
09:52:07 **** Build of configuration Debug for project 10_Output_compare ****
make -j20 all 
arm-none-eabi-size  10_Output_compare.elf 
   text	   data	    bss	    dec	    hex	filename
    724	      0	   1568	   2292	    8f4	10_Output_compare.elf
Finished building: default.size.stdout
 
